{
  "version": "1.4.0",
  "plugins_used": [
    {"name": "Base64HighEntropyString", "limit": 4.5},
    {"name": "HexHighEntropyString", "limit": 3.0},
    {"name": "PrivateKeyDetector"},
    {"name": "KeywordDetector"}
  ],
  "results": {},
  "filters_used": [
    {"path": "^data/"},
    {"path": "^cache/"},
    {"path": "^logs/"},
    {"path": "^manifests/"},
    {"path": "^\.venv/"}
  ]
}
